// Jest Snapshot v1, https://goo.gl/fbAQLP

exports[`renders 1`] = `
<button
  aria-disabled={null}
  className=""
  onClick={[Function]}
  style={
    Object {
      "zIndex": null,
    }
  }
  type="button"
>
  <span>
    I am a Sticky Button
  </span>
</button>
`;
