// Jest Snapshot v1, https://goo.gl/fbAQLP

exports[`renders base component using dayKeys 1`] = `
<div
  className="PlannerApp"
>
  <Day
    day="2017-04-24"
    itemsForDay={
      Array [
        Object {},
      ]
    }
    timeZone="en"
  />
  <Day
    day="2017-04-25"
    itemsForDay={
      Array [
        Object {},
      ]
    }
    timeZone="en"
  />
  <Day
    day="2017-04-26"
    itemsForDay={
      Array [
        Object {},
      ]
    }
    timeZone="en"
  />
</div>
`;

exports[`shows only the loading component when the isLoading prop is true 1`] = `
<div
  className="PlannerApp"
>
  <Container
    display="block"
    padding="xxLarge medium"
    textAlign="center"
  >
    <Spinner
      size="medium"
      title="Loading planner items"
      variant="default"
    />
  </Container>
</div>
`;
