// Jest Snapshot v1, https://goo.gl/fbAQLP

exports[`SmartDay forwards properties to Day 1`] = `
<Day
  animateScroll={[Function]}
  day="2017-06-19"
  rootElementRef={[Function]}
  stickyOffset={0}
  timeZone="UTC"
/>
`;
