// Jest Snapshot v1, https://goo.gl/fbAQLP

exports[`passes trigger property functions and forwards the calls to the dynamic ui manager 1`] = `
<DynamicUiProvider
  manager={
    Object {
      "handleAction": [Function],
      "preTriggerUpdates": [Function],
      "registerAnimatable": [Function],
      "triggerUpdates": [Function],
    }
  }
>
  <Notifier(MockComponent)>
    <MockComponent
      preTriggerDynamicUiUpdates={[Function]}
      triggerDynamicUiUpdates={[Function]}
    >
      <div />
    </MockComponent>
  </Notifier(MockComponent)>
</DynamicUiProvider>
`;
