// Jest Snapshot v1, https://goo.gl/fbAQLP

exports[`renders the item to update if provided 1`] = `
<div>
  <Container
    as="section"
    display="block"
    margin="large medium"
    textAlign="end"
  >
    <Container
      display="block"
      margin="medium 0"
    >
      <TextInput
        disabled={false}
        inline={false}
        inputRef={[Function]}
        label="Title"
        layout="stacked"
        messages={Array []}
        onChange={[Function]}
        size="medium"
        type="text"
        value="Planner Item"
      />
    </Container>
    <Grid
      colSpacing="none"
      hAlign="start"
      rowSpacing="medium"
      startAt="small"
      vAlign="bottom"
      visualDebug={false}
    >
      <GridRow>
        <GridCol
          textAlign="inherit"
        >
          <DateInput
            defaultDateValue="2017-04-25 01:49:00-0700"
            format="LL"
            label="Date"
            locale="en"
            nextLabel="Next Month"
            onDateChange={[Function]}
            previousLabel="Previous Month"
            timeZone="America/Denver"
            validationFeedback={true}
          />
        </GridCol>
      </GridRow>
    </Grid>
    <Container
      display="block"
      margin="medium 0"
    >
      <Select
        disabled={false}
        inline={false}
        label="Course"
        layout="stacked"
        messages={Array []}
        onChange={[Function]}
        selectRef={[Function]}
        size="medium"
        type="text"
        value=""
      >
        <option
          value="none"
        >
          Optional: Add Course
        </option>
        <option
          value="1"
        >
          a course
        </option>
      </Select>
    </Container>
    <Container
      display="block"
      margin="medium 0"
    >
      <TextArea
        autoGrow={false}
        disabled={false}
        height="12rem"
        inline={false}
        label="Details"
        layout="stacked"
        messages={Array []}
        onChange={[Function]}
        resize="none"
        size="medium"
        textareaRef={[Function]}
        value="You made this item to remind you of something, but you forgot what."
      />
    </Container>
    <Button
      as="button"
      buttonRef={[Function]}
      fluidWidth={false}
      margin="0 x-small 0 0"
      onClick={[Function]}
      size="medium"
      type="button"
      variant="light"
    >
      Delete
    </Button>
    <Button
      as="button"
      buttonRef={[Function]}
      disabled={false}
      fluidWidth={false}
      margin="0"
      onClick={[Function]}
      size="medium"
      type="button"
      variant="primary"
    >
      Save
    </Button>
  </Container>
</div>
`;
